# hertzbleed_poc on core 3
# Initial freq: 2400000 kHz
# Warmup 100 ms...
# After warmup: 2400000 kHz
# Running ZEROS group (HW=0)...
# Cooldown 50 ms...
# Running ONES group (HW=64)...
# Final freq: 2400000 kHz
# Done.
# hertzbleed_poc on core 3
# Initial freq: 2400000 kHz
# Warmup 100 ms...
# After warmup: 2400000 kHz
# Running ZEROS group (HW=0)...
# Cooldown 50 ms...
# Running ONES group (HW=64)...
# Final freq: 2400000 kHz
# Done.
# hertzbleed_poc on core 3
# Initial freq: 2400000 kHz
# Warmup 100 ms...
# After warmup: 2400000 kHz
# Running ZEROS group (HW=0)...
# Cooldown 50 ms...
# Running ONES group (HW=64)...
# Final freq: 2400000 kHz
# Done.
